// Jest Snapshot v1, https://goo.gl/fbAQLP

exports[`Separator component should match snapshot 1`] = `<div class="c-separator"></div>`;
