// Jest Snapshot v1, https://goo.gl/fbAQLP

exports[`Price component should match snapshot 1`] = `<div class="c-price"><span class="c-price__value">300</span> <span class="c-price__currency">z≈Ç</span></div>`;
