// Jest Snapshot v1, https://goo.gl/fbAQLP

exports[`Date picker panel component should match snapshot 1`] = `
<div class="c-date-picker-panel">
  <div class="c-date-picker-panel__header">
    <div></div>
  </div>
  <div class="c-date-picker-panel__content">
    <div></div>
  </div>
</div>
`;
