// Jest Snapshot v1, https://goo.gl/fbAQLP

exports[`Date picker day of week component should match snapshot 1`] = `<span class="c-date-picker-day-of-week">Mon</span>`;
