// Jest Snapshot v1, https://goo.gl/fbAQLP

exports[`Date picker wrapper component should match snapshot 1`] = `
<div class="c-date-picker-wrapper"><span class="c-date-picker-wrapper__title">

    Test
  </span> <span>Test slot</span></div>
`;
