// Jest Snapshot v1, https://goo.gl/fbAQLP

exports[`Date picker day component should match snapshot 1`] = `
<div class="c-date-picker-day">


</div>
`;
